C 50000

CE <078>
CH <118>
CP <138>
CR <178>

F 9

I 2

L * # #  # |   #        x


R {    1} {0} {} {日月洞} { } {} {xx} {} {} {} {1.000}
E {    2} {s} {s} {4} {0} {}
E {   13} {n} {n} {1} {0} {}

R {    2} {0} {} {星宿海} { } {} {xx} {} {} {} {1.000}
E {    1} {n} {n} {1} {0} {}
E {    3} {s} {s} {4} {0} {}

R {    3} {0} {} {星宿海} { } {} {xx} {} {} {} {1.000}
E {    2} {n} {n} {1} {0} {}
E {    4} {su} {su} {20} {0} {}

R {    4} {0} {} {湖泊} { } {} {xx} {} {} {} {1.000}
E {    3} {nd} {nd} {33} {0} {}
E {    5} {s} {s} {4} {0} {}
E {    6} {nu} {nu} {17} {0} {}

R {    5} {0} {} {巨岩} { } {} {xx} {} {} {} {1.000}
E {    4} {n} {n} {1} {0} {}

R {    6} {0} {} {小路} { } {} {xx} {} {} {} {1.000}
E {    4} {sd} {sd} {36} {0} {}
E {    7} {n} {n} {1} {0} {}

R {    7} {0} {} {小路} { } {} {xx} {} {} {} {1.000}
E {    6} {s} {s} {4} {0} {}
E {    8} {n} {n} {1} {0} {}

R {    8} {0} {} {山间平地} { } {} {xx} {} {} {} {1.000}
E {    7} {s} {s} {4} {0} {}
E {    9} {w} {w} {8} {0} {}

R {    9} {0} {} {谷口} { } {} {xx} {} {} {} {1.000}
E {    8} {e} {e} {2} {0} {}
E {   10} {w} {w} {8} {0} {}

R {   10} {0} {} {山谷口} { } {} {xx} {} {} {} {1.000}
E {    9} {e} {e} {2} {0} {}
E {   11} {n} {n} {1} {0} {}

R {   11} {0} {} {山谷口} { } {} {xx} {} {} {} {1.000}
E {   10} {s} {s} {4} {0} {}
E {   12} {n} {n} {1} {0} {}

R {   12} {0} {} {山谷口} { } {} {xx} {} {} {} {1.000}
E {   11} {s} {s} {4} {0} {}

R {    13} {0} {} {新手区入口} { } {} {xx} {} {} {} {1.000}
E {    1} {s} {s} {4} {0} {#map leave;#map destroy;juan zhulian;#map read {./tintin/myscripts/pkuxkx/xx/xx_new_map.map};#delay {1} {#map goto 31};}
