C 50000

CE <078>
CH <118>
CP <138>
CR <178>

F 11

I 70

L * # # # | # x          


R {    1} {0} {} {武当广场} { } {} {$rarea} {} {} {} {1.000}
E {    2} {n} {n} {1} {0} {}
E {   27} {sd} {sd} {36} {0} {}
E {   25} {ed} {ed} {34} {0} {}

R {    2} {0} {} {三清殿} { } {这里是凌霄宫的三清殿，是武当派会客的地点。供着元始天尊、太上道君和天上老君的神像，香案上香烟缭绕。靠墙放着几张太师椅，地上放着几个蒲团。东西两侧是走廊，南边是练武的广场，北边是后院。} {wudang} {} {} {} {1.000}
E {    1} {s} {s} {4} {0} {}
E {    3} {w} {w} {8} {0} {}
E {    5} {e} {e} {2} {0} {}
E {    7} {n} {n} {1} {0} {}

R {    3} {0} {} {左配殿} { } {} {wudang} {} {} {} {1.000}
E {    2} {e} {e} {2} {0} {}
E {    4} {w} {w} {8} {0} {}

R {    4} {0} {} {客房} { } {} {wudang} {} {} {} {1.000}
E {    3} {e} {e} {2} {0} {}

R {    5} {0} {} {右配殿} { } {} {wudang} {} {} {} {1.000}
E {    2} {w} {w} {8} {0} {}
E {    6} {e} {e} {2} {0} {}

R {    6} {0} {} {客房} { } {} {wudang} {} {} {} {1.000}
E {    5} {w} {w} {8} {0} {}

R {    7} {0} {} {后堂} { } {} {wudang} {} {} {} {1.000}
E {    2} {s} {s} {4} {0} {}
E {    8} {e} {e} {2} {0} {}
E {    9} {w} {w} {8} {0} {}
E {   12} {n} {n} {1} {0} {}

R {    8} {0} {} {膳房} { } {} {wudang} {} {} {} {1.000}
E {    7} {w} {w} {8} {0} {}
E {   67} {e} {e} {2} {0} {}

R {    9} {0} {} {小道} { } {} {wudang} {} {} {} {1.000}
E {    7} {e} {e} {2} {0} {}
E {   10} {w} {w} {8} {0} {}

R {   10} {0} {} {静修阁} { } {} {wudang} {} {} {} {1.000}
E {    9} {e} {e} {2} {0} {}
E {   11} {u} {u} {16} {0} {}

R {   11} {0} {} {静修阁二楼} { } {} {wudang} {} {} {} {1.000}
E {   10} {d} {d} {32} {0} {}

R {   12} {0} {} {前院} { } {} {wudang} {} {} {} {1.000}
E {    7} {s} {s} {4} {0} {}
E {   13} {e} {e} {2} {0} {}
E {   14} {w} {w} {8} {0} {}
E {   40} {n} {n} {1} {0} {}

R {   13} {0} {} {龟泉} { } {} {wudang} {} {} {} {1.000}
E {   12} {w} {w} {8} {0} {}

R {   14} {0} {} {西侧门} { } {} {wudang} {} {} {} {1.000}
E {   12} {e} {e} {2} {0} {}
E {   15} {w} {w} {8} {0} {}

R {   15} {0} {} {复真观一层} { } {} {wudang} {} {} {} {1.000}
E {   14} {e} {e} {2} {0} {}
E {   16} {u} {u} {16} {0} {}
E {   19} {n} {n} {1} {0} {}

R {   16} {0} {} {复真观二层} { } {} {wudang} {} {} {} {1.000}
E {   15} {d} {d} {32} {0} {}
E {   17} {u} {u} {16} {0} {}

R {   17} {0} {} {复真观三层} { } {} {wudang} {} {} {} {1.000}
E {   16} {d} {d} {32} {0} {}
E {   18} {u} {u} {16} {0} {}

R {   18} {0} {} {复真观四层} { } {} {wudang} {} {} {} {1.000}
E {   17} {d} {d} {32} {0} {}

R {   19} {0} {} {松林} { } {} {wudang} {} {} {} {1.000}
E {   15} {s} {s} {4} {0} {}

R {   20} {0} {} {后院} { } {} {wudang} {} {} {} {1.000}
E {   40} {s} {s} {4} {0} {}
E {   21} {e} {e} {2} {0} {}
E {   24} {w} {w} {8} {0} {}
E {   41} {n} {n} {1} {0} {}

R {   21} {0} {} {东厢走廊} { } {} {wudang} {} {} {} {1.000}
E {   20} {w} {w} {8} {0} {}
E {   22} {e} {e} {2} {0} {}
E {   65} {s} {s} {4} {0} {}
E {   66} {n} {n} {1} {0} {}

R {   22} {0} {} {俞岱岩住处} { } {} {wudang} {} {} {} {1.000}
E {   21} {w} {w} {8} {0} {}
E {   23} {s} {s} {4} {0} {}

R {   23} {0} {} {丹房} { } {} {wudang} {} {} {} {1.000}
E {   22} {n} {n} {1} {0} {}

R {   24} {0} {} {西廊} { } {} {wudang} {} {} {} {1.000}
E {   20} {e} {e} {2} {0} {}
E {   42} {w} {w} {8} {0} {}

R {   25} {0} {} {石阶} { } {} {wudang} {} {} {} {1.000}
E {    1} {wu} {wu} {24} {0} {}
E {   26} {e} {e} {2} {0} {}

R {   26} {0} {} {石阶} { } {} {wudang} {} {} {} {1.000}
E {   25} {w} {w} {8} {0} {}
E {   39} {e} {e} {2} {0} {}

R {   27} {0} {} {凌霄宫} { } {} {$rarea} {} {} {} {1.000}
E {    1} {nu} {nu} {17} {0} {}
E {   28} {wu} {wu} {24} {0} {}
E {   55} {sd} {sd} {36} {0} {}

R {   28} {0} {} {石阶} { } {} {wudang} {} {} {} {1.000}
E {   27} {ed} {ed} {34} {0} {}
E {   29} {wu} {wu} {24} {0} {}

R {   29} {0} {} {虎头岩} { } {} {wudang} {} {} {} {1.000}
E {   28} {ed} {ed} {34} {0} {}
E {   30} {nu} {nu} {17} {0} {}

R {   30} {0} {} {三老峰} { } {} {wudang} {} {} {} {1.000}
E {   29} {sd} {sd} {36} {0} {}
E {   31} {wu} {wu} {24} {0} {}

R {   31} {0} {} {五老峰} { } {} {wudang} {} {} {} {1.000}
E {   30} {ed} {ed} {34} {0} {}
E {   32} {nu} {nu} {17} {0} {}
E {   34} {wu} {wu} {24} {0} {}

R {   32} {0} {} {太子岩} { } {} {wudang} {} {} {} {1.000}
E {   31} {sd} {sd} {36} {0} {}
E {   33} {eu} {eu} {18} {0} {}

R {   33} {0} {} {潘神洞} { } {} {} {} {} {} {1.000}
E {   32} {wd} {wd} {40} {0} {}
E {   43} {eu} {eu} {18} {0} {}

R {   34} {0} {} {乌鸦岭} { } {} {wudang} {} {} {} {1.000}
E {   31} {ed} {ed} {34} {0} {}
E {   35} {nu} {nu} {17} {0} {}

R {   35} {0} {} {南岩峰} { } {} {wudang} {} {} {} {1.000}
E {   34} {sd} {sd} {36} {0} {}
E {   36} {nu} {nu} {17} {0} {}

R {   36} {0} {} {两仪殿} { } {} {wudang} {} {} {} {1.000}
E {   35} {sd} {sd} {36} {0} {}
E {   37} {n} {n} {1} {0} {}
E {   38} {wu} {wu} {24} {0} {}

R {   37} {0} {} {后殿} { } {} {wudang} {} {} {} {1.000}
E {   36} {s} {s} {4} {0} {}

R {   38} {0} {} {飞升岩} { } {} {wudang} {} {} {} {1.000}
E {   36} {ed} {ed} {34} {0} {}

R {   39} {0} {} {石阶} { } {} {wudang} {} {} {} {1.000}
E {   26} {w} {w} {8} {0} {}
E {   45} {ed} {ed} {34} {0} {}

R {   40} {8} {} {} { } {} {} {} {} {} {1.000}
E {   20} {n} {n} {1} {0} {}
E {   12} {s} {s} {4} {0} {}

R {   41} {0} {} {后门} { } {} {wudang} {} {} {} {1.000}
E {   20} {s} {s} {4} {0} {}

R {   42} {0} {} {北侧门} { } {} {wudang} {} {} {} {1.000}
E {   24} {e} {e} {2} {0} {}

R {   43} {0} {} {一天门} { } {} {} {} {} {} {1.000}
E {   33} {wd} {wd} {40} {0} {}
E {   44} {eu} {eu} {18} {0} {}

R {   44} {0} {} {天柱峰下} { } {} {} {} {} {} {1.000}
E {   43} {wd} {wd} {40} {0} {}

R {   45} {0} {} {崎岖山路} { } {} {wudang} {} {} {} {1.000}
E {   39} {wu} {wu} {24} {0} {}
E {   46} {sd} {sd} {36} {0} {}

R {   46} {0} {} {崎岖山路} { } {} {wudang} {} {} {} {1.000}
E {   45} {nu} {nu} {17} {0} {}
E {   47} {ed} {ed} {34} {0} {}

R {   47} {0} {} {} { } {} {} {} {} {} {1.000}
E {   46} {wu} {wu} {24} {0} {}
E {   48} {sd} {sd} {36} {0} {}

R {   48} {0} {} {崎岖山路} { } {} {wudang} {} {} {} {1.000}
E {   47} {nu} {nu} {17} {0} {}
E {   49} {ed} {ed} {34} {0} {}

R {   49} {0} {} {桃园小路} { } {} {wudang} {} {} {} {1.000}
E {   48} {wu} {wu} {24} {0} {}
E {   50} {e} {e} {2} {0} {}

R {   50} {0} {} {桃园小路} { } {} {wudang} {} {} {} {1.000}
E {   49} {w} {w} {8} {0} {}
E {   51} {e} {e} {2} {0} {}

R {   51} {0} {} {桃园小路} { } {} {wudang} {} {} {} {1.000}
E {   50} {w} {w} {8} {0} {}
E {   52} {n} {n} {1} {0} {}
E {   53} {s} {s} {4} {0} {}
E {   54} {e} {e} {2} {0} {}

R {   52} {0} {} {桃园篱笆} { } {} {wudang} {} {} {} {1.000}
E {   51} {s} {s} {4} {0} {}

R {   53} {0} {} {桃园木门} { } {} {wudang} {} {} {} {1.000}
E {   51} {n} {n} {1} {0} {}

R {   54} {0} {} {桃园小路} { } {} {wudang} {} {} {} {1.000}
E {   51} {w} {w} {8} {0} {}

R {   55} {0} {} {玄武门} { } {} {$rarea} {} {} {} {1.000}
E {   27} {nu} {nu} {17} {0} {}
E {   56} {wd} {wd} {40} {0} {}

R {   56} {0} {} {石阶} { } {} {$rarea} {} {} {} {1.000}
E {   55} {eu} {eu} {18} {0} {}
E {   57} {wd} {wd} {40} {0} {}

R {   57} {0} {} {好汉坡} { } {} {$rarea} {} {} {} {1.000}
E {   56} {eu} {eu} {18} {0} {}
E {   58} {sd} {sd} {36} {0} {}

R {   58} {0} {} {石阶} { } {} {$rarea} {} {} {} {1.000}
E {   57} {nu} {nu} {17} {0} {}
E {   59} {sd} {sd} {36} {0} {}

R {   59} {0} {} {小吃店} { } {} {$rarea} {} {} {} {1.000}
E {   58} {nu} {nu} {17} {0} {}
E {   60} {e} {e} {2} {0} {}

R {   60} {0} {} {遇真宫} { } {} {$rarea} {} {} {} {1.000}
E {   59} {w} {w} {8} {0} {}
E {   61} {sd} {sd} {36} {0} {}

R {   61} {0} {} {石阶} { } {} {$rarea} {} {} {} {1.000}
E {   60} {nu} {nu} {17} {0} {}
E {   62} {sd} {sd} {36} {0} {}

R {   62} {0} {} {石阶} { } {} {$rarea} {} {} {} {1.000}
E {   61} {nu} {nu} {17} {0} {}
E {   63} {sd} {sd} {36} {0} {}

R {   63} {0} {} {石阶} { } {} {$rarea} {} {} {} {1.000}
E {   62} {nu} {nu} {17} {0} {}
E {   64} {ed} {ed} {34} {0} {}

R {   64} {0} {} {武当山门} { } {} {$rarea} {} {} {} {1.000}
E {   63} {wu} {wu} {24} {0} {}
E {   68} {e} {e} {2} {0} {}

R {   65} {0} {} {茶室} { } {} {wudang} {} {} {} {1.000}
E {   21} {n} {n} {1} {0} {}

R {   66} {0} {} {武器室} { } {} {wudang} {} {} {} {1.000}
E {   21} {s} {s} {4} {0} {}

R {   67} {0} {} {香积厨} { } {} {wudang} {} {} {} {1.000}
E {    8} {w} {w} {8} {0} {}

R {   68} {0} {} {黄土路} { } {} {$rarea} {} {} {} {1.000}
E {   64} {w} {w} {8} {0} {}
E {   69} {s} {s} {4} {0} {}

R {   69} {0} {} {村口} { } {} {$rarea} {} {} {} {1.000}
E {   68} {n} {n} {1} {0} {}
E {   70} {se} {se} {6} {0} {}

R {   70} {0} {} {小路} { } {} {$rarea} {} {} {} {1.000}
E {   69} {nw} {nw} {9} {0} {}
E {   71} {s} {s} {4} {0} {}
E {   72} {w} {w} {8} {0} {}

R {   71} {0} {} {草屋} { } {} {$rarea} {} {} {} {1.000}
E {   70} {n} {n} {1} {0} {}

R {   72} {0} {} {草屋} { } {} {$rarea} {} {} {} {1.000}
E {   70} {e} {e} {2} {0} {}
